== The configuration system

The _configuration_ command is used to check if the requiremements for working on a project are met and to store the information. The parameters are then stored for use by other commands, such as the build command.

=== Using persistent data

==== Sharing with the build

The configuration context is used to store data which may be re-used during the build. Let's begin with the following example:

// configuration_build
[source,python]
---------------
top = '.'
out = 'build'

def options(ctx):
	ctx.add_option('--foo', action='store', default=False, help='Silly test')

def configure(ctx):
	ctx.env.FOO = ctx.options.foo <1>
	ctx.find_program('touch', var='TOUCH') <2>

def build(ctx):
	print(ctx.env.FOO) <3>
	print(ctx.env.TOUCH)
	bld(rule='${TOUCH} ${TGT}', target='foo.txt') <4>
---------------

<1> Store the option _foo_ into the variable _env_ (dict-like structure)
<2> Configuration routine used to find the program _touch_ and to store it into _ctx.env.TOUCH_
<3> Print the value of _ctx.env.FOO_ that was set during the configuration
<4> The variable _$\{TOUCH}_ corresponds to the variable _env.TOUCH_

[source,shishell]
---------------
$ waf distclean configure build --foo=abcd -v
'distclean' finished successfully (0.005s)
Checking for program touch               : /usr/bin/touch <1>
'configure' finished successfully (0.007s)
Waf: Entering directory `/disk/comp/waf/docs/book/examples/configuration_build/build'
/usr/bin/touch <2>
abcd
[1/1] bar.txt:  -> build/bar.txt
10:56:41 runner '/usr/bin/touch bar.txt' <3>
Waf: Leaving directory `/disk/comp/waf/docs/book/examples/configuration_build/build'
'build' finished successfully (0.021s)
---------------
<1> Output of the configuration test _find_program_
<2> The value of _TOUCH_
<3> Command-line used to create the target 'bar.txt'

The variable _ctx.env_ is called a *Configuration set*, and is an instance of the class 'ConfigSet'. The class is a wrapper around Python dicts to handle serialization. For this reason it should be used for simple variables only (no functions or classes). The values are stored in a python-like format in the build directory:

[source,shishell]
---------------
$ tree
build/
|-- bar.txt
|-- c4che
|   |-- build.config.py
|   `-- default.cache.py
`-- config.log

$ cat build/c4che/default.cache.py
FOO = 'abcd'
PREFIX = '/usr/local'
TOUCH = '/usr/bin/touch'
---------------


NOTE: Reading and writing values to _ctx.env_ is possible in both configuration and build commands. Yet, the values are stored to a file only during the configuration phase.

==== Configuration set usage

We will now provide more details on the configuration sets by demonstrating its usage on more complicated examples. The following demonstrates how to store and load data from configuration sets manually:

// configuration_sets
[source,python]
---------------
top = '.'
out = 'build'

def configure(ctx):
	ctx.env['CXXFLAGS'] = ['-O2'] <1>
	ctx.env.store('test.txt') <2>
	ctx.env.TEST        = 'test' <3>

	new_env = ctx.env.__class__() <4>
	new_env.load('test.txt') <5>

	print(new_env)
	print("")
	print(ctx.env)
----------------

<1> Key-based access; storing a list
<2> Store the configuration set in the file +test.txt+
<3> Attribute-based access (the two forms are equivalent)
<4> Create a new configuration set, avoiding using the import
<5> Load the configuration set contents from the file +test.txt+

The execution will produce the following output:

[source,shishell]
---------------
$ waf configure
'CXXFLAGS' ['-O2']
'PREFIX' '/usr/local'

'CXXFLAGS' ['-O2']
'PREFIX' '/usr/local'
'TEST' 'test'

$ cat test.txt
CXXFLAGS = ['-O2']
PREFIX = '/usr/local'

$ cat build/c4che/default.cache.py
CXXFLAGS = ['-O2']
PREFIX = '/usr/local'
TEST = 'test'
---------------

Although the conf.env object is similar to a Python dict, a few routines are present to ease value access:

[source,python]
---------------
top = '.'
out = 'build'

def configure(conf):
	conf.env['CCFLAGS'] = ['-g'] <1>
	conf.env.CCFLAGS = ['-g'] <2>
	conf.env.append_value('CXXFLAGS', ['-O2', '-g']) <3>
	conf.env.append_unique('CCFLAGS', ['-g', '-O2']) <4>
	conf.env.prepend_value('CCFLAGS', ['-O3']) <5>
	my_copy = conf.env.copy() <6>
	print(conf.env) <7>

	from waflib import Utils
	s = Utils.subst_vars('${PREFIX}/bin', conf.env) <8>
	print(s)

	conf.env.store('/tmp/env.txt') <9>

	from waflib import ConfigSet
	env = ConfigSet.ConfigSet()
	env.load('/tmp/env.txt') <10>
---------------

<1> Initialize and set the given value by using the key-based notation
<2> Initialize and set the given value by using the attribute-based notation
<3> Ensure conf.env.CXXFLAGS is initalized, and add the given values
<4> Append the elements from the second list that are not already present in conf.env.CCFLAGS
<5> Insert the values from the second list in first position, preserving the order
<6> Create a copy
<7> Format and print the contents
<8> Substitute the values in a formatted string
<9> Serialize and store the contents into a file, one key=value by line.
<10> Instantiate a new ConfigSet and load the contents from a file

Upon execution, the output will be the following:

[source,shishell]
---------------
$ waf configure
'CCFLAGS' ['-O3', '-g', '-O2']
'CXXFLAGS' ['-O2', '-g']
'PREFIX' '/usr/local'
-O3 -g -O2
---------------

=== Configuration helpers

==== Configuration methods

The method _ctx.find_program_ seen in the previous example is an example of a configuration method.

==== Loading Waf tools

For efficiency reasons, the Waf core libraries do not provide support for programming languages. The configuration helpers are located in separate files called 'Waf tools' and located under the folder +waflib/Tools+. The contributed tools, or the tools in testing phase are located under the folder +waflib/extras+.

Tools usually provide additional routines, and may modify existing classes to extend their behaviour. We will now demonstrate a very simple Waf tool named `dang.py`:

[source,python]
---------------
from Configure import conf <1>

def configure(conf): <2>
	print('→ configure from dang!')

@conf
def test_hello(conf):
	print('→ test from dang!')

@conf
def build_hello(self):
	print('→ build hello from dang!')
---------------

<1> The decorator 'conf' is used to bind functions as new methods to the 'configuration context class'
<2> The default detection method to execute when the tool is loaded is called 'configure'

For loading a tool, the method 'check_tool' must be used during the configuration. The same tools are then loaded during the build.:

[source,python]
---------------
top = '.'
out = 'build'

#from waflib import c_config <1>

def configure(conf):

	#from waflib import c_config <2>

	def is_check_cc_present():
		try:
			print('→ method conf.check_cc %r' % conf.check_cc) <3>
		except:
			print('→ there is no method conf.check_cc')

	is_check_cc_present()
	conf.check_tool('config_c') <4>
	is_check_cc_present()

	conf.check_tool('dang', tooldir='.') <5>
	conf.check_tool('dang', tooldir='.', funs='test_hello') <6>
	conf.check_tool('dang', tooldir='.') <7>

def build(bld):
	bld.build_hello() <8>
---------------

<1> By loading a Waf tool at the root of a script, the detection routines will not be executed (discouraged)
<2> By loading a Waf tool using _import_, the tool will not be loaded at build time (discouraged)
<3> Just an example to show if the method _check_cc_ is present on the configuration context class
<4> Load the tool providing configuration routines for c and c++ support (the method check_cc)
<5> If a method named _configure_ is provided, it will be executed during _conf.check_tool_
<6> Use specific functions instead of calling the default
<7> To ease the creation of projects split into modules, conf.check_tool will not load the tools twice for the same environment and the same parameters.
<8> The configuration context methods are also bound to the build context

Upon execution, the output will be the following:

[source,shishell]
---------------
$ waf distclean configure build
'distclean' finished successfully (0.002s)
→ there is no method conf.check_cc
→ method conf.check_cc (ConfigurationContext.check_cc)
→ configure from dang!
→ test from dang!
'configure' finished successfully (0.003s)
Waf: Entering directory `/tmp/smallproject/build'
→ build hello from dang!
Waf: Leaving directory `/tmp/smallproject/build'
'build' finished successfully (0.003s)
---------------


=== Exception handling

==== Launching and catching configuration exceptions

Configuration helpers are methods provided by the conf object to help finding parameters, for example the method 'conf.find_program'

[source,python]
---------------
def configure(conf):
	conf.find_program('test')
---------------

When a test fails, the exception 'waflib.Errors.ConfigurationError' is raised. For example, such exceptions are thrown when a program could not be found:

[source,python]
---------------
def configure(conf):
	from waflib.Errors import ConfigurationError
	try:
		conf.find_program('missing_app', mandatory=True)
	except ConfigurationError:
		pass
	conf.find_program(['gjc', 'cjg'], mandatory=True)
---------------

The output will be:

[source,shishell]
---------------
$ waf
Checking for program missing_app         : not found
Checking for program gjc,cjg             : not found
 error: The program ['gjc', 'cjg'] could not be found
---------------

It is sometimes useful to raise such an exception manually by using 'conf.fatal':

[source,python]
---------------
def configure(conf):
	conf.fatal("I'm sorry Dave, I'm afraid I can't do that")
---------------

Which will display the same kind of error

[source,shishell]
---------------
$ waf configure
 error: I'm sorry Dave, I'm afraid I can't do that
$ echo $?
1
---------------


==== Handling configuration exceptions

An error handler attached to the conf object is used for catching the Configuration exceptions and processing the errors. Here is how to replace the default configuration error handler by a custom method which may modify the list of tests, stop the evaluation, or re-raise the exception:

[source,python]
---------------
from waflib.Configure import conf, BREAK, CONTINUE

@conf
def error_handler(fun, exc):
	print('exception %r' % exc)
	# other optionals return values: CONTINUE or anything else to re-raise the exception
	return BREAK
---------------

The following diagram illustrates the test execution loop performed from conf.check_tool

image::conftest{PIC}["Configuration tests"{backend@docbook:,width=250:}]

